# AUTOGENERATED FILE - DO NOT MODIFY!
# This file was generated by Djinni from all_datatypes.djinni
---
name: all_datatypes
typedef: 'record'
params: []
prefix: ""
cpp:
  typename: '::AllDatatypes'
  header: '"all_datatypes.hpp"'
  byValue: false
objc:
  typename: 'ITAllDatatypes'
  pointer: true
  hash: '%s.hash'
  boxed: 'ITAllDatatypes'
  header: '"ITAllDatatypes.h"'
objcpp:
  translator: '::djinni_generated::AllDatatypes'
  header: '"ITAllDatatypes+Private.h"'
java:
  reference: true
  typename: 'djinni.it.AllDatatypes'
  writeToParcel: '%s.writeToParcel(out, flags)'
  generic: true
  readFromParcel: 'new %s(in)'
  hash: '%s.hashCode()'
  boxed: 'djinni.it.AllDatatypes'
jni:
  translator: '::djinni_generated::AllDatatypes'
  header: '"all_datatypes.hpp"'
  typename: jobject
  typeSignature: 'Ldjinni/it/AllDatatypes;'
cs:
  translator: '::AllDatatypes'
  header: '"../cppcli-headers/AllDatatypes.hpp"'
  typename: '::AllDatatypes^'
  reference: true
