# AUTOGENERATED FILE - DO NOT MODIFY!
# This file was generated by Djinni from my_client_interface.djinni
---
name: my_client_interface
typedef: 'interface +o +j'
params: []
prefix: ""
cpp:
  typename: '::MyClientInterface'
  header: '"my_client_interface.hpp"'
  byValue: false
objc:
  typename: 'ITMyClientInterface'
  pointer: true
  hash: '%s.hash'
  boxed: 'ITMyClientInterface'
  header: '"ITMyClientInterface.h"'
objcpp:
  translator: '::djinni_generated::MyClientInterface'
  header: '"ITMyClientInterface+Private.h"'
java:
  reference: true
  typename: 'djinni.it.MyClientInterface'
  writeToParcel: '%s.writeToParcel(out, flags)'
  generic: true
  readFromParcel: 'new %s(in)'
  hash: '%s.hashCode()'
  boxed: 'djinni.it.MyClientInterface'
jni:
  translator: '::djinni_generated::MyClientInterface'
  header: '"my_client_interface.hpp"'
  typename: jobject
  typeSignature: 'Ldjinni/it/MyClientInterface;'
cs:
  translator: '::MyClientInterface'
  header: '"../cppcli-headers/MyClientInterface.hpp"'
  typename: '::MyClientInterface^'
  reference: true
