# AUTOGENERATED FILE - DO NOT MODIFY!
# This file was generated by Djinni from my_enum.djinni
---
name: my_enum
typedef: 'enum'
params: []
prefix: ""
cpp:
  typename: '::MyEnum'
  header: '"my_enum.hpp"'
  byValue: true
objc:
  typename: 'ITMyEnum'
  pointer: false
  hash: '%s.hash'
  boxed: 'NSNumber'
  header: '"ITMyEnum.h"'
objcpp:
  translator: '::djinni::Enum<::MyEnum, ITMyEnum>'
  header: '"ITMyEnum+Private.h"'
java:
  reference: true
  typename: 'djinni.it.MyEnum'
  writeToParcel: '%s.writeToParcel(out, flags)'
  generic: true
  readFromParcel: 'new %s(in)'
  hash: '%s.hashCode()'
  boxed: 'djinni.it.MyEnum'
jni:
  translator: '::djinni_generated::MyEnum'
  header: '"my_enum.hpp"'
  typename: jobject
  typeSignature: 'Ldjinni/it/MyEnum;'
cs:
  translator: '::djinni::Enum<::MyEnum, ::MyEnum>'
  header: '"../cppcli-headers/MyEnum.hpp"'
  typename: '::MyEnum'
  reference: false
