# AUTOGENERATED FILE - DO NOT MODIFY!
# This file was generated by Djinni from my_record.djinni
---
name: my_record
typedef: 'record'
params: []
prefix: ""
cpp:
  typename: '::MyRecord'
  header: '"my_record.hpp"'
  byValue: false
objc:
  typename: 'ITMyRecord'
  pointer: true
  hash: '%s.hash'
  boxed: 'ITMyRecord'
  header: '"ITMyRecord.h"'
objcpp:
  translator: '::djinni_generated::MyRecord'
  header: '"ITMyRecord+Private.h"'
java:
  reference: true
  typename: 'djinni.it.MyRecord'
  writeToParcel: '%s.writeToParcel(out, flags)'
  generic: true
  readFromParcel: 'new %s(in)'
  hash: '%s.hashCode()'
  boxed: 'djinni.it.MyRecord'
jni:
  translator: '::djinni_generated::MyRecord'
  header: '"my_record.hpp"'
  typename: jobject
  typeSignature: 'Ldjinni/it/MyRecord;'
cs:
  translator: '::MyRecord'
  header: '"../cppcli-headers/MyRecord.hpp"'
  typename: '::MyRecord^'
  reference: true
