# AUTOGENERATED FILE - DO NOT MODIFY!
# This file was generated by Djinni from my_flags.djinni
---
name: my_flags
typedef: 'flags'
params: []
prefix: ""
cpp:
  typename: '::MyFlags'
  header: '"my_flags.hpp"'
  byValue: true
objc:
  typename: 'ITMyFlags'
  pointer: false
  hash: '%s.hash'
  boxed: 'NSNumber'
  header: '"ITMyFlags.h"'
objcpp:
  translator: '::djinni::Enum<::MyFlags, ITMyFlags>'
  header: '"ITMyFlags+Private.h"'
java:
  reference: true
  typename: 'djinni.it.MyFlags'
  writeToParcel: '%s.writeToParcel(out, flags)'
  generic: true
  readFromParcel: 'new %s(in)'
  hash: '%s.hashCode()'
  boxed: 'djinni.it.MyFlags'
jni:
  translator: '::djinni_generated::MyFlags'
  header: '"my_flags.hpp"'
  typename: jobject
  typeSignature: 'Ldjinni/it/MyFlags;'
cs:
  translator: '::djinni::Enum<::MyFlags, ::MyFlags>'
  header: '"../cppcli-headers/MyFlags.hpp"'
  typename: '::MyFlags'
  reference: false
