# AUTOGENERATED FILE - DO NOT MODIFY!
# This file was generated by Djinni from using_custom_datatypes.djinni
---
name: custom_datatype
typedef: 'record'
params: []
prefix: ""
cpp:
  typename: '::CustomDatatype'
  header: '"custom_datatype.hpp"'
  byValue: false
objc:
  typename: 'ITCustomDatatype'
  pointer: true
  hash: '%s.hash'
  boxed: 'ITCustomDatatype'
  header: '"ITCustomDatatype.h"'
objcpp:
  translator: '::djinni_generated::CustomDatatype'
  header: '"ITCustomDatatype+Private.h"'
java:
  reference: true
  typename: 'djinni.it.CustomDatatype'
  writeToParcel: '%s.writeToParcel(out, flags)'
  generic: true
  readFromParcel: 'new %s(in)'
  hash: '%s.hashCode()'
  boxed: 'djinni.it.CustomDatatype'
jni:
  translator: '::djinni_generated::CustomDatatype'
  header: '"custom_datatype.hpp"'
  typename: jobject
  typeSignature: 'Ldjinni/it/CustomDatatype;'
cs:
  translator: '::CustomDatatype'
  header: '"../cppcli-headers/CustomDatatype.hpp"'
  typename: '::CustomDatatype^'
  reference: true
---
name: other_record
typedef: 'record'
params: []
prefix: ""
cpp:
  typename: '::OtherRecord'
  header: '"other_record.hpp"'
  byValue: false
objc:
  typename: 'ITOtherRecord'
  pointer: true
  hash: '%s.hash'
  boxed: 'ITOtherRecord'
  header: '"ITOtherRecord.h"'
objcpp:
  translator: '::djinni_generated::OtherRecord'
  header: '"ITOtherRecord+Private.h"'
java:
  reference: true
  typename: 'djinni.it.OtherRecord'
  writeToParcel: '%s.writeToParcel(out, flags)'
  generic: true
  readFromParcel: 'new %s(in)'
  hash: '%s.hashCode()'
  boxed: 'djinni.it.OtherRecord'
jni:
  translator: '::djinni_generated::OtherRecord'
  header: '"other_record.hpp"'
  typename: jobject
  typeSignature: 'Ldjinni/it/OtherRecord;'
cs:
  translator: '::OtherRecord'
  header: '"../cppcli-headers/OtherRecord.hpp"'
  typename: '::OtherRecord^'
  reference: true
