# AUTOGENERATED FILE - DO NOT MODIFY!
# This file was generated by Djinni from my_cpp_interface.djinni
---
name: my_cpp_interface
typedef: 'interface +c'
params: []
prefix: ""
cpp:
  typename: '::MyCppInterface'
  header: '"my_cpp_interface.hpp"'
  byValue: false
objc:
  typename: 'ITMyCppInterface'
  pointer: true
  hash: '%s.hash'
  boxed: 'ITMyCppInterface'
  header: '"ITMyCppInterface.h"'
objcpp:
  translator: '::djinni_generated::MyCppInterface'
  header: '"ITMyCppInterface+Private.h"'
java:
  reference: true
  typename: 'djinni.it.MyCppInterface'
  writeToParcel: '%s.writeToParcel(out, flags)'
  generic: true
  readFromParcel: 'new %s(in)'
  hash: '%s.hashCode()'
  boxed: 'djinni.it.MyCppInterface'
jni:
  translator: '::djinni_generated::MyCppInterface'
  header: '"my_cpp_interface.hpp"'
  typename: jobject
  typeSignature: 'Ldjinni/it/MyCppInterface;'
cs:
  translator: '::MyCppInterface'
  header: '"../cppcli-headers/MyCppInterface.hpp"'
  typename: '::MyCppInterface^'
  reference: true
